[independent-outcomes-838279.framer.app/index.html]
[backblue.gif]
[fade.gif]
[index.html]
[framerusercontent.com/sites/icons/default-favicon.v3.png]
[framerusercontent.com/images/Hyl9qzaqsuCMqcqafSDfWpyr4.png]
[framerusercontent.com/images/Wpajq1rP9jyPTIw2LoHylfGMQ8.png]
[framerusercontent.com/images/SgsegMCwZY7Td3iG676plVgRkIY.jpg]
[framerusercontent.com/images/bRPAaSOQ3ArJOrGTDTXl9G70Hw.jpg]
[independent-outcomes-838279.framer.app/blog/kurz-sebeobrany.html]
[framerusercontent.com/images/p0n24KjCzrhmfbstGCcxLoD0k.jpg]
[independent-outcomes-838279.framer.app/blog/nasi-sponzori.html]
[framerusercontent.com/images/qSyhzmyNusLxriitZTdqwqtrVU.png]
[independent-outcomes-838279.framer.app/blog/ukazky-treninku.html]
[framerusercontent.com/images/68HoT26jNevJMuyXDdNpla1euw.jpg]
[independent-outcomes-838279.framer.app/blog/ukazky-treninku2.html]
[framerusercontent.com/images/Cr8TaPjANQdiE6mYvNglYWyxBPI.jpg]
[independent-outcomes-838279.framer.app/index.html]
[independent-outcomes-838279.framer.app/kontakt.html]
[framerusercontent.com/images/iQhjqbtzxcKykNf4f9n8BQREzY8.jpg]
[independent-outcomes-838279.framer.app/blog/kurz-sebeobrany.html]
[independent-outcomes-838279.framer.app/blog/nasi-sponzori.html]
[independent-outcomes-838279.framer.app/blog/ukazky-treninku.html]
[independent-outcomes-838279.framer.app/blog/ukazky-treninku2.html]
[independent-outcomes-838279.framer.app/kontakt.html]
